

================================================================
== Vivado HLS Report for 'AXI_DMA_SLAVE'
================================================================
* Date:           Mon Jan  6 15:36:44 2020

* Version:        2018.3 (Build 2405991 on Thu Dec 06 23:56:15 MST 2018)
* Project:        CIFAR_10
* Solution:       solution1
* Product family: zynq
* Target device:  xc7z020clg484-1


================================================================
== Performance Estimates
================================================================
+ Timing (ns): 
    * Summary: 
    +--------+-------+----------+------------+
    |  Clock | Target| Estimated| Uncertainty|
    +--------+-------+----------+------------+
    |ap_clk  |  10.00|    12.592|        1.25|
    +--------+-------+----------+------------+

+ Latency (clock cycles): 
    * Summary: 
    +-----+-----+-----+-----+---------+
    |  Latency  |  Interval | Pipeline|
    | min | max | min | max |   Type  |
    +-----+-----+-----+-----+---------+
    |    ?|    ?|    ?|    ?|   none  |
    +-----+-----+-----+-----+---------+

    + Detail: 
        * Instance: 
        N/A

        * Loop: 
        +----------+-----+-----+----------+-----------+-----------+------+----------+
        |          |  Latency  | Iteration|  Initiation Interval  | Trip |          |
        | Loop Name| min | max |  Latency |  achieved |   target  | Count| Pipelined|
        +----------+-----+-----+----------+-----------+-----------+------+----------+
        |- Loop 1  |    ?|    ?|         2|          1|          1|     ?|    yes   |
        |- Loop 2  |    ?|    ?|         2|          1|          1|     ?|    yes   |
        +----------+-----+-----+----------+-----------+-----------+------+----------+

============================================================
+ Verbose Summary: Synthesis Manager
============================================================
InlineROM: 1
ExposeGlobal: 0
============================================================
+ Verbose Summary: CDFG Model
============================================================
IsTopModel: 0
ResetActiveHigh: 1
IsCombinational: 2
IsDatapathOnly: 0
HasWiredReturn: 1
HasMFsm: 0
HasVarLatency: 1
IsPipeline: 0
IsRtlPipelined: 0
IsInstanceOverlapped: 0
IsDontTouch: 0
HasImplIP: 0
IsGatedGlobalClock: 0

+ Individual pipeline summary: 
  * Pipeline-0: initiation interval (II) = 1, depth = 2
  * Pipeline-1: initiation interval (II) = 1, depth = 2


============================================================
+ Verbose Summary: Schedule
============================================================
* Number of FSM states : 17
* Pipeline : 2
  Pipeline-0 : II = 1, D = 2, States = { 11 12 }
  Pipeline-1 : II = 1, D = 2, States = { 16 17 }
* Dataflow Pipeline: 0

* FSM state transitions: 
1 --> 
	2  / true
2 --> 
	3  / true
3 --> 
	4  / true
4 --> 
	5  / true
5 --> 
	6  / true
6 --> 
	7  / true
7 --> 
	8  / true
8 --> 
	9  / (!tmp_s)
	14  / (tmp_s)
9 --> 
	10  / true
10 --> 
	11  / true
11 --> 
	13  / (exitcond)
	12  / (!exitcond)
12 --> 
	11  / true
13 --> 
14 --> 
	15  / true
15 --> 
	16  / true
16 --> 
	13  / (exitcond1)
	17  / (!exitcond1)
17 --> 
	16  / true

* FSM state operations: 

State 1 <SV = 0> <Delay = 3.63>
ST_1 : Operation 18 [1/1] (0.00ns)   --->   "%empty = call { i32, i1 } @_ssdm_op_Read.axis.volatile.i32P.i1P(i32* %in_stream_V_data_V, i1* %in_stream_V_last)" [./../hw_library/axi_dma_slave.h:9]   --->   Operation 18 'read' 'empty' <Predicate = true> <Delay = 0.00> <Core = "AXI4Stream">   --->   Core 5 'AXI4Stream' <Latency = 0> <II = 1> <Delay = 1.00> <Adapter> <Opcode : >
ST_1 : Operation 19 [1/1] (0.00ns)   --->   "%tmp_data_V = extractvalue { i32, i1 } %empty, 0" [./../hw_library/axi_dma_slave.h:9]   --->   Operation 19 'extractvalue' 'tmp_data_V' <Predicate = true> <Delay = 0.00>
ST_1 : Operation 20 [1/1] (3.63ns)   --->   "call void @_ssdm_op_Write.ap_fifo.volatile.i32P(i32* %out_stream_V_V, i32 %tmp_data_V)" [./../hw_library/axi_dma_slave.h:11]   --->   Operation 20 'write' <Predicate = true> <Delay = 3.63> <Core = "FIFO_SRL">   --->   Core 36 'FIFO_SRL' <Latency = 0> <II = 1> <Delay = 3.63> <Storage> <Opcode : 'read' 'write' 'nbread' 'nbwrite'> <Ports = 0> <Width = 32> <Depth = 0> <FIFO>
ST_1 : Operation 21 [1/1] (2.47ns)   --->   "%tmp_s = icmp eq i32 %tmp_data_V, 0" [./../hw_library/axi_dma_slave.h:41]   --->   Operation 21 'icmp' 'tmp_s' <Predicate = true> <Delay = 2.47> <Core = "Cmp">   --->   Core 25 'Cmp' <Latency = 0> <II = 1> <Delay = 2.47> <FuncUnit> <Opcode : 'icmp'> <InPorts = 2> <OutPorts = 1>

State 2 <SV = 1> <Delay = 3.63>
ST_2 : Operation 22 [1/1] (0.00ns)   --->   "%empty_158 = call { i32, i1 } @_ssdm_op_Read.axis.volatile.i32P.i1P(i32* %in_stream_V_data_V, i1* %in_stream_V_last)" [./../hw_library/axi_dma_slave.h:13]   --->   Operation 22 'read' 'empty_158' <Predicate = true> <Delay = 0.00> <Core = "AXI4Stream">   --->   Core 5 'AXI4Stream' <Latency = 0> <II = 1> <Delay = 1.00> <Adapter> <Opcode : >
ST_2 : Operation 23 [1/1] (0.00ns)   --->   "%tmp_data_V_1 = extractvalue { i32, i1 } %empty_158, 0" [./../hw_library/axi_dma_slave.h:13]   --->   Operation 23 'extractvalue' 'tmp_data_V_1' <Predicate = true> <Delay = 0.00>
ST_2 : Operation 24 [1/1] (3.63ns)   --->   "call void @_ssdm_op_Write.ap_fifo.volatile.i32P(i32* %out_stream_V_V, i32 %tmp_data_V_1)" [./../hw_library/axi_dma_slave.h:15]   --->   Operation 24 'write' <Predicate = true> <Delay = 3.63> <Core = "FIFO_SRL">   --->   Core 36 'FIFO_SRL' <Latency = 0> <II = 1> <Delay = 3.63> <Storage> <Opcode : 'read' 'write' 'nbread' 'nbwrite'> <Ports = 0> <Width = 32> <Depth = 0> <FIFO>

State 3 <SV = 2> <Delay = 3.63>
ST_3 : Operation 25 [1/1] (0.00ns)   --->   "%empty_159 = call { i32, i1 } @_ssdm_op_Read.axis.volatile.i32P.i1P(i32* %in_stream_V_data_V, i1* %in_stream_V_last)" [./../hw_library/axi_dma_slave.h:17]   --->   Operation 25 'read' 'empty_159' <Predicate = true> <Delay = 0.00> <Core = "AXI4Stream">   --->   Core 5 'AXI4Stream' <Latency = 0> <II = 1> <Delay = 1.00> <Adapter> <Opcode : >
ST_3 : Operation 26 [1/1] (0.00ns)   --->   "%tmp_data_V_2 = extractvalue { i32, i1 } %empty_159, 0" [./../hw_library/axi_dma_slave.h:17]   --->   Operation 26 'extractvalue' 'tmp_data_V_2' <Predicate = true> <Delay = 0.00>
ST_3 : Operation 27 [1/1] (3.63ns)   --->   "call void @_ssdm_op_Write.ap_fifo.volatile.i32P(i32* %out_stream_V_V, i32 %tmp_data_V_2)" [./../hw_library/axi_dma_slave.h:19]   --->   Operation 27 'write' <Predicate = true> <Delay = 3.63> <Core = "FIFO_SRL">   --->   Core 36 'FIFO_SRL' <Latency = 0> <II = 1> <Delay = 3.63> <Storage> <Opcode : 'read' 'write' 'nbread' 'nbwrite'> <Ports = 0> <Width = 32> <Depth = 0> <FIFO>

State 4 <SV = 3> <Delay = 3.63>
ST_4 : Operation 28 [1/1] (0.00ns)   --->   "%empty_160 = call { i32, i1 } @_ssdm_op_Read.axis.volatile.i32P.i1P(i32* %in_stream_V_data_V, i1* %in_stream_V_last)" [./../hw_library/axi_dma_slave.h:21]   --->   Operation 28 'read' 'empty_160' <Predicate = true> <Delay = 0.00> <Core = "AXI4Stream">   --->   Core 5 'AXI4Stream' <Latency = 0> <II = 1> <Delay = 1.00> <Adapter> <Opcode : >
ST_4 : Operation 29 [1/1] (0.00ns)   --->   "%tmp_data_V_3 = extractvalue { i32, i1 } %empty_160, 0" [./../hw_library/axi_dma_slave.h:21]   --->   Operation 29 'extractvalue' 'tmp_data_V_3' <Predicate = true> <Delay = 0.00>
ST_4 : Operation 30 [1/1] (3.63ns)   --->   "call void @_ssdm_op_Write.ap_fifo.volatile.i32P(i32* %out_stream_V_V, i32 %tmp_data_V_3)" [./../hw_library/axi_dma_slave.h:23]   --->   Operation 30 'write' <Predicate = true> <Delay = 3.63> <Core = "FIFO_SRL">   --->   Core 36 'FIFO_SRL' <Latency = 0> <II = 1> <Delay = 3.63> <Storage> <Opcode : 'read' 'write' 'nbread' 'nbwrite'> <Ports = 0> <Width = 32> <Depth = 0> <FIFO>

State 5 <SV = 4> <Delay = 3.63>
ST_5 : Operation 31 [1/1] (0.00ns)   --->   "%empty_161 = call { i32, i1 } @_ssdm_op_Read.axis.volatile.i32P.i1P(i32* %in_stream_V_data_V, i1* %in_stream_V_last)" [./../hw_library/axi_dma_slave.h:25]   --->   Operation 31 'read' 'empty_161' <Predicate = true> <Delay = 0.00> <Core = "AXI4Stream">   --->   Core 5 'AXI4Stream' <Latency = 0> <II = 1> <Delay = 1.00> <Adapter> <Opcode : >
ST_5 : Operation 32 [1/1] (0.00ns)   --->   "%tmp_data_V_4 = extractvalue { i32, i1 } %empty_161, 0" [./../hw_library/axi_dma_slave.h:25]   --->   Operation 32 'extractvalue' 'tmp_data_V_4' <Predicate = true> <Delay = 0.00>
ST_5 : Operation 33 [1/1] (3.63ns)   --->   "call void @_ssdm_op_Write.ap_fifo.volatile.i32P(i32* %out_stream_V_V, i32 %tmp_data_V_4)" [./../hw_library/axi_dma_slave.h:27]   --->   Operation 33 'write' <Predicate = true> <Delay = 3.63> <Core = "FIFO_SRL">   --->   Core 36 'FIFO_SRL' <Latency = 0> <II = 1> <Delay = 3.63> <Storage> <Opcode : 'read' 'write' 'nbread' 'nbwrite'> <Ports = 0> <Width = 32> <Depth = 0> <FIFO>

State 6 <SV = 5> <Delay = 3.63>
ST_6 : Operation 34 [1/1] (0.00ns)   --->   "%empty_162 = call { i32, i1 } @_ssdm_op_Read.axis.volatile.i32P.i1P(i32* %in_stream_V_data_V, i1* %in_stream_V_last)" [./../hw_library/axi_dma_slave.h:29]   --->   Operation 34 'read' 'empty_162' <Predicate = true> <Delay = 0.00> <Core = "AXI4Stream">   --->   Core 5 'AXI4Stream' <Latency = 0> <II = 1> <Delay = 1.00> <Adapter> <Opcode : >
ST_6 : Operation 35 [1/1] (0.00ns)   --->   "%tmp_data_V_5 = extractvalue { i32, i1 } %empty_162, 0" [./../hw_library/axi_dma_slave.h:29]   --->   Operation 35 'extractvalue' 'tmp_data_V_5' <Predicate = true> <Delay = 0.00>
ST_6 : Operation 36 [1/1] (3.63ns)   --->   "call void @_ssdm_op_Write.ap_fifo.volatile.i32P(i32* %out_stream_V_V, i32 %tmp_data_V_5)" [./../hw_library/axi_dma_slave.h:31]   --->   Operation 36 'write' <Predicate = true> <Delay = 3.63> <Core = "FIFO_SRL">   --->   Core 36 'FIFO_SRL' <Latency = 0> <II = 1> <Delay = 3.63> <Storage> <Opcode : 'read' 'write' 'nbread' 'nbwrite'> <Ports = 0> <Width = 32> <Depth = 0> <FIFO>

State 7 <SV = 6> <Delay = 3.63>
ST_7 : Operation 37 [1/1] (0.00ns)   --->   "%empty_163 = call { i32, i1 } @_ssdm_op_Read.axis.volatile.i32P.i1P(i32* %in_stream_V_data_V, i1* %in_stream_V_last)" [./../hw_library/axi_dma_slave.h:33]   --->   Operation 37 'read' 'empty_163' <Predicate = true> <Delay = 0.00> <Core = "AXI4Stream">   --->   Core 5 'AXI4Stream' <Latency = 0> <II = 1> <Delay = 1.00> <Adapter> <Opcode : >
ST_7 : Operation 38 [1/1] (0.00ns)   --->   "%tmp_data_V_6 = extractvalue { i32, i1 } %empty_163, 0" [./../hw_library/axi_dma_slave.h:33]   --->   Operation 38 'extractvalue' 'tmp_data_V_6' <Predicate = true> <Delay = 0.00>
ST_7 : Operation 39 [1/1] (3.63ns)   --->   "call void @_ssdm_op_Write.ap_fifo.volatile.i32P(i32* %out_stream_V_V, i32 %tmp_data_V_6)" [./../hw_library/axi_dma_slave.h:35]   --->   Operation 39 'write' <Predicate = true> <Delay = 3.63> <Core = "FIFO_SRL">   --->   Core 36 'FIFO_SRL' <Latency = 0> <II = 1> <Delay = 3.63> <Storage> <Opcode : 'read' 'write' 'nbread' 'nbwrite'> <Ports = 0> <Width = 32> <Depth = 0> <FIFO>

State 8 <SV = 7> <Delay = 12.5>
ST_8 : Operation 40 [1/1] (0.00ns)   --->   "call void (...)* @_ssdm_op_SpecInterface(i32* %out_stream_V_V, [8 x i8]* @ap_fifo_str, i32 0, i32 0, [1 x i8]* @p_str134, i32 0, i32 0, [1 x i8]* @p_str135, [1 x i8]* @p_str136, [1 x i8]* @p_str137, i32 2, i32 2, i32 16, i32 16, [1 x i8]* @p_str138, [1 x i8]* @p_str139)"   --->   Operation 40 'specinterface' <Predicate = true> <Delay = 0.00>
ST_8 : Operation 41 [1/1] (0.00ns)   --->   "call void (...)* @_ssdm_op_SpecInterface(i32* %in_stream_V_data_V, i1* %in_stream_V_last, [5 x i8]* @p_str10, i32 1, i32 1, [5 x i8]* @p_str11, i32 0, i32 0, [1 x i8]* @p_str1, [1 x i8]* @p_str1, [1 x i8]* @p_str1, i32 0, i32 0, i32 0, i32 0, [1 x i8]* @p_str1, [1 x i8]* @p_str1) nounwind"   --->   Operation 41 'specinterface' <Predicate = true> <Delay = 0.00>
ST_8 : Operation 42 [1/1] (0.00ns)   --->   "%empty_164 = call { i32, i1 } @_ssdm_op_Read.axis.volatile.i32P.i1P(i32* %in_stream_V_data_V, i1* %in_stream_V_last)" [./../hw_library/axi_dma_slave.h:37]   --->   Operation 42 'read' 'empty_164' <Predicate = true> <Delay = 0.00> <Core = "AXI4Stream">   --->   Core 5 'AXI4Stream' <Latency = 0> <II = 1> <Delay = 1.00> <Adapter> <Opcode : >
ST_8 : Operation 43 [1/1] (0.00ns)   --->   "%tmp_data_V_7 = extractvalue { i32, i1 } %empty_164, 0" [./../hw_library/axi_dma_slave.h:37]   --->   Operation 43 'extractvalue' 'tmp_data_V_7' <Predicate = true> <Delay = 0.00>
ST_8 : Operation 44 [1/1] (3.63ns)   --->   "call void @_ssdm_op_Write.ap_fifo.volatile.i32P(i32* %out_stream_V_V, i32 %tmp_data_V_7)" [./../hw_library/axi_dma_slave.h:39]   --->   Operation 44 'write' <Predicate = true> <Delay = 3.63> <Core = "FIFO_SRL">   --->   Core 36 'FIFO_SRL' <Latency = 0> <II = 1> <Delay = 3.63> <Storage> <Opcode : 'read' 'write' 'nbread' 'nbwrite'> <Ports = 0> <Width = 32> <Depth = 0> <FIFO>
ST_8 : Operation 45 [1/1] (0.00ns)   --->   "br i1 %tmp_s, label %1, label %5" [./../hw_library/axi_dma_slave.h:41]   --->   Operation 45 'br' <Predicate = true> <Delay = 0.00>
ST_8 : Operation 46 [1/1] (12.5ns)   --->   "%KER_size_0 = mul i32 %tmp_data_V_5, %tmp_data_V_2" [./../hw_library/axi_dma_slave.h:56]   --->   Operation 46 'mul' 'KER_size_0' <Predicate = (!tmp_s)> <Delay = 12.5> <Core = "Mul_LUT">   --->   Core 83 'Mul_LUT' <Latency = 0> <II = 1> <Delay = 12.5> <FuncUnit> <Opcode : 'mul'> <InPorts = 2> <OutPorts = 1>
ST_8 : Operation 47 [1/1] (12.5ns)   --->   "%IFM_size_0 = mul i32 %tmp_data_V_4, %tmp_data_V_3" [./../hw_library/axi_dma_slave.h:42]   --->   Operation 47 'mul' 'IFM_size_0' <Predicate = (tmp_s)> <Delay = 12.5> <Core = "Mul_LUT">   --->   Core 83 'Mul_LUT' <Latency = 0> <II = 1> <Delay = 12.5> <FuncUnit> <Opcode : 'mul'> <InPorts = 2> <OutPorts = 1>

State 9 <SV = 8> <Delay = 12.5>
ST_9 : Operation 48 [1/1] (12.5ns)   --->   "%KER_size_1 = mul i32 %tmp_data_V_2, %KER_size_0" [./../hw_library/axi_dma_slave.h:57]   --->   Operation 48 'mul' 'KER_size_1' <Predicate = true> <Delay = 12.5> <Core = "Mul_LUT">   --->   Core 83 'Mul_LUT' <Latency = 0> <II = 1> <Delay = 12.5> <FuncUnit> <Opcode : 'mul'> <InPorts = 2> <OutPorts = 1>
ST_9 : Operation 49 [1/1] (0.00ns)   --->   "call void (...)* @_ssdm_op_SpecFUCore(i32 %KER_size_0, [1 x i8]* @p_str1, [8 x i8]* @p_str2, [1 x i8]* @p_str1, i32 -1, [1 x i8]* @p_str1, [1 x i8]* @p_str1, [1 x i8]* @p_str1, [1 x i8]* @p_str1, [1 x i8]* @p_str1)" [./../hw_library/axi_dma_slave.h:59]   --->   Operation 49 'specfucore' <Predicate = true> <Delay = 0.00>

State 10 <SV = 9> <Delay = 12.5>
ST_10 : Operation 50 [1/1] (0.00ns)   --->   "%tmp_99 = call i32 (...)* @_ssdm_op_SpecRegionBegin([12 x i8]* @p_str8)" [./../hw_library/axi_dma_slave.h:55]   --->   Operation 50 'specregionbegin' 'tmp_99' <Predicate = true> <Delay = 0.00>
ST_10 : Operation 51 [1/1] (12.5ns)   --->   "%KER_bound = mul i32 %tmp_data_V_3, %KER_size_1" [./../hw_library/axi_dma_slave.h:58]   --->   Operation 51 'mul' 'KER_bound' <Predicate = true> <Delay = 12.5> <Core = "Mul_LUT">   --->   Core 83 'Mul_LUT' <Latency = 0> <II = 1> <Delay = 12.5> <FuncUnit> <Opcode : 'mul'> <InPorts = 2> <OutPorts = 1>
ST_10 : Operation 52 [1/1] (0.00ns)   --->   "call void (...)* @_ssdm_op_SpecFUCore(i32 %KER_size_1, [1 x i8]* @p_str1, [8 x i8]* @p_str2, [1 x i8]* @p_str1, i32 -1, [1 x i8]* @p_str1, [1 x i8]* @p_str1, [1 x i8]* @p_str1, [1 x i8]* @p_str1, [1 x i8]* @p_str1)" [./../hw_library/axi_dma_slave.h:60]   --->   Operation 52 'specfucore' <Predicate = true> <Delay = 0.00>
ST_10 : Operation 53 [1/1] (0.00ns)   --->   "call void (...)* @_ssdm_op_SpecFUCore(i32 %KER_bound, [1 x i8]* @p_str1, [8 x i8]* @p_str2, [1 x i8]* @p_str1, i32 -1, [1 x i8]* @p_str1, [1 x i8]* @p_str1, [1 x i8]* @p_str1, [1 x i8]* @p_str1, [1 x i8]* @p_str1)" [./../hw_library/axi_dma_slave.h:61]   --->   Operation 53 'specfucore' <Predicate = true> <Delay = 0.00>
ST_10 : Operation 54 [1/1] (1.76ns)   --->   "br label %6" [./../hw_library/axi_dma_slave.h:63]   --->   Operation 54 'br' <Predicate = true> <Delay = 1.76>

State 11 <SV = 10> <Delay = 2.55>
ST_11 : Operation 55 [1/1] (0.00ns)   --->   "%i1 = phi i32 [ 0, %5 ], [ %i_1, %7 ]"   --->   Operation 55 'phi' 'i1' <Predicate = true> <Delay = 0.00>
ST_11 : Operation 56 [1/1] (2.47ns)   --->   "%exitcond = icmp eq i32 %i1, %KER_bound" [./../hw_library/axi_dma_slave.h:63]   --->   Operation 56 'icmp' 'exitcond' <Predicate = true> <Delay = 2.47> <Core = "Cmp">   --->   Core 25 'Cmp' <Latency = 0> <II = 1> <Delay = 2.47> <FuncUnit> <Opcode : 'icmp'> <InPorts = 2> <OutPorts = 1>
ST_11 : Operation 57 [1/1] (2.55ns)   --->   "%i_1 = add i32 %i1, 1" [./../hw_library/axi_dma_slave.h:63]   --->   Operation 57 'add' 'i_1' <Predicate = true> <Delay = 2.55> <Core = "AddSub">   --->   Core 14 'AddSub' <Latency = 0> <II = 1> <Delay = 2.55> <FuncUnit> <Opcode : 'add' 'sub'> <InPorts = 2> <OutPorts = 1>
ST_11 : Operation 58 [1/1] (0.00ns)   --->   "br i1 %exitcond, label %8, label %7" [./../hw_library/axi_dma_slave.h:63]   --->   Operation 58 'br' <Predicate = true> <Delay = 0.00>
ST_11 : Operation 59 [1/1] (0.00ns)   --->   "%empty_168 = call { i32, i1 } @_ssdm_op_Read.axis.volatile.i32P.i1P(i32* %in_stream_V_data_V, i1* %in_stream_V_last)" [./../hw_library/axi_dma_slave.h:65]   --->   Operation 59 'read' 'empty_168' <Predicate = (!exitcond)> <Delay = 0.00> <Core = "AXI4Stream">   --->   Core 5 'AXI4Stream' <Latency = 0> <II = 1> <Delay = 1.00> <Adapter> <Opcode : >
ST_11 : Operation 60 [1/1] (0.00ns)   --->   "%tmp_data_V_9 = extractvalue { i32, i1 } %empty_168, 0" [./../hw_library/axi_dma_slave.h:65]   --->   Operation 60 'extractvalue' 'tmp_data_V_9' <Predicate = (!exitcond)> <Delay = 0.00>

State 12 <SV = 11> <Delay = 3.63>
ST_12 : Operation 61 [1/1] (0.00ns)   --->   "%tmp_101 = call i32 (...)* @_ssdm_op_SpecRegionBegin([12 x i8]* @p_str9)" [./../hw_library/axi_dma_slave.h:63]   --->   Operation 61 'specregionbegin' 'tmp_101' <Predicate = (!exitcond)> <Delay = 0.00>
ST_12 : Operation 62 [1/1] (0.00ns)   --->   "call void (...)* @_ssdm_op_SpecPipeline(i32 1, i32 1, i32 1, i32 0, [1 x i8]* @p_str1) nounwind" [./../hw_library/axi_dma_slave.h:64]   --->   Operation 62 'specpipeline' <Predicate = (!exitcond)> <Delay = 0.00>
ST_12 : Operation 63 [1/1] (3.63ns)   --->   "call void @_ssdm_op_Write.ap_fifo.volatile.i32P(i32* %out_stream_V_V, i32 %tmp_data_V_9)" [./../hw_library/axi_dma_slave.h:66]   --->   Operation 63 'write' <Predicate = (!exitcond)> <Delay = 3.63> <Core = "FIFO_SRL">   --->   Core 36 'FIFO_SRL' <Latency = 0> <II = 1> <Delay = 3.63> <Storage> <Opcode : 'read' 'write' 'nbread' 'nbwrite'> <Ports = 0> <Width = 32> <Depth = 0> <FIFO>
ST_12 : Operation 64 [1/1] (0.00ns)   --->   "%empty_169 = call i32 (...)* @_ssdm_op_SpecRegionEnd([12 x i8]* @p_str9, i32 %tmp_101)" [./../hw_library/axi_dma_slave.h:67]   --->   Operation 64 'specregionend' 'empty_169' <Predicate = (!exitcond)> <Delay = 0.00>
ST_12 : Operation 65 [1/1] (0.00ns)   --->   "br label %6" [./../hw_library/axi_dma_slave.h:63]   --->   Operation 65 'br' <Predicate = (!exitcond)> <Delay = 0.00>

State 13 <SV = 11> <Delay = 0.00>
ST_13 : Operation 66 [1/1] (0.00ns)   --->   "%empty_170 = call i32 (...)* @_ssdm_op_SpecRegionEnd([12 x i8]* @p_str8, i32 %tmp_99)" [./../hw_library/axi_dma_slave.h:68]   --->   Operation 66 'specregionend' 'empty_170' <Predicate = (!tmp_s)> <Delay = 0.00>
ST_13 : Operation 67 [1/1] (0.00ns)   --->   "br label %9"   --->   Operation 67 'br' <Predicate = (!tmp_s)> <Delay = 0.00>
ST_13 : Operation 68 [1/1] (0.00ns)   --->   "%empty_167 = call i32 (...)* @_ssdm_op_SpecRegionEnd([12 x i8]* @p_str6, i32 %tmp)" [./../hw_library/axi_dma_slave.h:54]   --->   Operation 68 'specregionend' 'empty_167' <Predicate = (tmp_s)> <Delay = 0.00>
ST_13 : Operation 69 [1/1] (0.00ns)   --->   "br label %9" [./../hw_library/axi_dma_slave.h:54]   --->   Operation 69 'br' <Predicate = (tmp_s)> <Delay = 0.00>
ST_13 : Operation 70 [1/1] (0.00ns)   --->   "ret void" [./../hw_library/axi_dma_slave.h:69]   --->   Operation 70 'ret' <Predicate = true> <Delay = 0.00>

State 14 <SV = 8> <Delay = 12.5>
ST_14 : Operation 71 [1/1] (12.5ns)   --->   "%IFM_size_1 = mul i32 %tmp_data_V_4, %IFM_size_0" [./../hw_library/axi_dma_slave.h:43]   --->   Operation 71 'mul' 'IFM_size_1' <Predicate = true> <Delay = 12.5> <Core = "Mul_LUT">   --->   Core 83 'Mul_LUT' <Latency = 0> <II = 1> <Delay = 12.5> <FuncUnit> <Opcode : 'mul'> <InPorts = 2> <OutPorts = 1>
ST_14 : Operation 72 [1/1] (0.00ns)   --->   "call void (...)* @_ssdm_op_SpecFUCore(i32 %IFM_size_0, [1 x i8]* @p_str1, [8 x i8]* @p_str2, [1 x i8]* @p_str1, i32 -1, [1 x i8]* @p_str1, [1 x i8]* @p_str1, [1 x i8]* @p_str1, [1 x i8]* @p_str1, [1 x i8]* @p_str1)" [./../hw_library/axi_dma_slave.h:45]   --->   Operation 72 'specfucore' <Predicate = true> <Delay = 0.00>

State 15 <SV = 9> <Delay = 12.5>
ST_15 : Operation 73 [1/1] (0.00ns)   --->   "%tmp = call i32 (...)* @_ssdm_op_SpecRegionBegin([12 x i8]* @p_str6)" [./../hw_library/axi_dma_slave.h:41]   --->   Operation 73 'specregionbegin' 'tmp' <Predicate = true> <Delay = 0.00>
ST_15 : Operation 74 [1/1] (12.5ns)   --->   "%IFM_bound = mul i32 %tmp_data_V_1, %IFM_size_1" [./../hw_library/axi_dma_slave.h:44]   --->   Operation 74 'mul' 'IFM_bound' <Predicate = true> <Delay = 12.5> <Core = "Mul_LUT">   --->   Core 83 'Mul_LUT' <Latency = 0> <II = 1> <Delay = 12.5> <FuncUnit> <Opcode : 'mul'> <InPorts = 2> <OutPorts = 1>
ST_15 : Operation 75 [1/1] (0.00ns)   --->   "call void (...)* @_ssdm_op_SpecFUCore(i32 %IFM_size_1, [1 x i8]* @p_str1, [8 x i8]* @p_str2, [1 x i8]* @p_str1, i32 -1, [1 x i8]* @p_str1, [1 x i8]* @p_str1, [1 x i8]* @p_str1, [1 x i8]* @p_str1, [1 x i8]* @p_str1)" [./../hw_library/axi_dma_slave.h:46]   --->   Operation 75 'specfucore' <Predicate = true> <Delay = 0.00>
ST_15 : Operation 76 [1/1] (0.00ns)   --->   "call void (...)* @_ssdm_op_SpecFUCore(i32 %IFM_bound, [1 x i8]* @p_str1, [8 x i8]* @p_str2, [1 x i8]* @p_str1, i32 -1, [1 x i8]* @p_str1, [1 x i8]* @p_str1, [1 x i8]* @p_str1, [1 x i8]* @p_str1, [1 x i8]* @p_str1)" [./../hw_library/axi_dma_slave.h:47]   --->   Operation 76 'specfucore' <Predicate = true> <Delay = 0.00>
ST_15 : Operation 77 [1/1] (1.76ns)   --->   "br label %2" [./../hw_library/axi_dma_slave.h:49]   --->   Operation 77 'br' <Predicate = true> <Delay = 1.76>

State 16 <SV = 10> <Delay = 2.55>
ST_16 : Operation 78 [1/1] (0.00ns)   --->   "%i = phi i32 [ 0, %1 ], [ %i_17, %3 ]"   --->   Operation 78 'phi' 'i' <Predicate = true> <Delay = 0.00>
ST_16 : Operation 79 [1/1] (2.47ns)   --->   "%exitcond1 = icmp eq i32 %i, %IFM_bound" [./../hw_library/axi_dma_slave.h:49]   --->   Operation 79 'icmp' 'exitcond1' <Predicate = true> <Delay = 2.47> <Core = "Cmp">   --->   Core 25 'Cmp' <Latency = 0> <II = 1> <Delay = 2.47> <FuncUnit> <Opcode : 'icmp'> <InPorts = 2> <OutPorts = 1>
ST_16 : Operation 80 [1/1] (2.55ns)   --->   "%i_17 = add i32 %i, 1" [./../hw_library/axi_dma_slave.h:49]   --->   Operation 80 'add' 'i_17' <Predicate = true> <Delay = 2.55> <Core = "AddSub">   --->   Core 14 'AddSub' <Latency = 0> <II = 1> <Delay = 2.55> <FuncUnit> <Opcode : 'add' 'sub'> <InPorts = 2> <OutPorts = 1>
ST_16 : Operation 81 [1/1] (0.00ns)   --->   "br i1 %exitcond1, label %4, label %3" [./../hw_library/axi_dma_slave.h:49]   --->   Operation 81 'br' <Predicate = true> <Delay = 0.00>
ST_16 : Operation 82 [1/1] (0.00ns)   --->   "%empty_165 = call { i32, i1 } @_ssdm_op_Read.axis.volatile.i32P.i1P(i32* %in_stream_V_data_V, i1* %in_stream_V_last)" [./../hw_library/axi_dma_slave.h:51]   --->   Operation 82 'read' 'empty_165' <Predicate = (!exitcond1)> <Delay = 0.00> <Core = "AXI4Stream">   --->   Core 5 'AXI4Stream' <Latency = 0> <II = 1> <Delay = 1.00> <Adapter> <Opcode : >
ST_16 : Operation 83 [1/1] (0.00ns)   --->   "%tmp_data_V_8 = extractvalue { i32, i1 } %empty_165, 0" [./../hw_library/axi_dma_slave.h:51]   --->   Operation 83 'extractvalue' 'tmp_data_V_8' <Predicate = (!exitcond1)> <Delay = 0.00>

State 17 <SV = 11> <Delay = 3.63>
ST_17 : Operation 84 [1/1] (0.00ns)   --->   "%tmp_100 = call i32 (...)* @_ssdm_op_SpecRegionBegin([12 x i8]* @p_str7)" [./../hw_library/axi_dma_slave.h:49]   --->   Operation 84 'specregionbegin' 'tmp_100' <Predicate = (!exitcond1)> <Delay = 0.00>
ST_17 : Operation 85 [1/1] (0.00ns)   --->   "call void (...)* @_ssdm_op_SpecPipeline(i32 1, i32 1, i32 1, i32 0, [1 x i8]* @p_str1) nounwind" [./../hw_library/axi_dma_slave.h:50]   --->   Operation 85 'specpipeline' <Predicate = (!exitcond1)> <Delay = 0.00>
ST_17 : Operation 86 [1/1] (3.63ns)   --->   "call void @_ssdm_op_Write.ap_fifo.volatile.i32P(i32* %out_stream_V_V, i32 %tmp_data_V_8)" [./../hw_library/axi_dma_slave.h:52]   --->   Operation 86 'write' <Predicate = (!exitcond1)> <Delay = 3.63> <Core = "FIFO_SRL">   --->   Core 36 'FIFO_SRL' <Latency = 0> <II = 1> <Delay = 3.63> <Storage> <Opcode : 'read' 'write' 'nbread' 'nbwrite'> <Ports = 0> <Width = 32> <Depth = 0> <FIFO>
ST_17 : Operation 87 [1/1] (0.00ns)   --->   "%empty_166 = call i32 (...)* @_ssdm_op_SpecRegionEnd([12 x i8]* @p_str7, i32 %tmp_100)" [./../hw_library/axi_dma_slave.h:53]   --->   Operation 87 'specregionend' 'empty_166' <Predicate = (!exitcond1)> <Delay = 0.00>
ST_17 : Operation 88 [1/1] (0.00ns)   --->   "br label %2" [./../hw_library/axi_dma_slave.h:49]   --->   Operation 88 'br' <Predicate = (!exitcond1)> <Delay = 0.00>


============================================================
+ Verbose Summary: Timing violations
============================================================
Target clock period: 10ns, clock uncertainty: 1.25ns.

 <State 1>: 3.63ns
The critical path consists of the following:
	axis read on port 'in_stream_V_data_V' (./../hw_library/axi_dma_slave.h:9) [6]  (0 ns)
	fifo write on port 'out_stream_V_V' (./../hw_library/axi_dma_slave.h:11) [8]  (3.63 ns)

 <State 2>: 3.63ns
The critical path consists of the following:
	axis read on port 'in_stream_V_data_V' (./../hw_library/axi_dma_slave.h:13) [9]  (0 ns)
	fifo write on port 'out_stream_V_V' (./../hw_library/axi_dma_slave.h:15) [11]  (3.63 ns)

 <State 3>: 3.63ns
The critical path consists of the following:
	axis read on port 'in_stream_V_data_V' (./../hw_library/axi_dma_slave.h:17) [12]  (0 ns)
	fifo write on port 'out_stream_V_V' (./../hw_library/axi_dma_slave.h:19) [14]  (3.63 ns)

 <State 4>: 3.63ns
The critical path consists of the following:
	axis read on port 'in_stream_V_data_V' (./../hw_library/axi_dma_slave.h:21) [15]  (0 ns)
	fifo write on port 'out_stream_V_V' (./../hw_library/axi_dma_slave.h:23) [17]  (3.63 ns)

 <State 5>: 3.63ns
The critical path consists of the following:
	axis read on port 'in_stream_V_data_V' (./../hw_library/axi_dma_slave.h:25) [18]  (0 ns)
	fifo write on port 'out_stream_V_V' (./../hw_library/axi_dma_slave.h:27) [20]  (3.63 ns)

 <State 6>: 3.63ns
The critical path consists of the following:
	axis read on port 'in_stream_V_data_V' (./../hw_library/axi_dma_slave.h:29) [21]  (0 ns)
	fifo write on port 'out_stream_V_V' (./../hw_library/axi_dma_slave.h:31) [23]  (3.63 ns)

 <State 7>: 3.63ns
The critical path consists of the following:
	axis read on port 'in_stream_V_data_V' (./../hw_library/axi_dma_slave.h:33) [24]  (0 ns)
	fifo write on port 'out_stream_V_V' (./../hw_library/axi_dma_slave.h:35) [26]  (3.63 ns)

 <State 8>: 12.6ns
The critical path consists of the following:
	'mul' operation ('KER_size_0', ./../hw_library/axi_dma_slave.h:56) [34]  (12.6 ns)

 <State 9>: 12.6ns
The critical path consists of the following:
	'mul' operation ('KER_size_1', ./../hw_library/axi_dma_slave.h:57) [35]  (12.6 ns)

 <State 10>: 12.6ns
The critical path consists of the following:
	'mul' operation ('KER_bound', ./../hw_library/axi_dma_slave.h:58) [36]  (12.6 ns)

 <State 11>: 2.55ns
The critical path consists of the following:
	'phi' operation ('i') with incoming values : ('i', ./../hw_library/axi_dma_slave.h:63) [42]  (0 ns)
	'add' operation ('i', ./../hw_library/axi_dma_slave.h:63) [44]  (2.55 ns)

 <State 12>: 3.63ns
The critical path consists of the following:
	fifo write on port 'out_stream_V_V' (./../hw_library/axi_dma_slave.h:66) [51]  (3.63 ns)

 <State 13>: 0ns
The critical path consists of the following:

 <State 14>: 12.6ns
The critical path consists of the following:
	'mul' operation ('IFM_size_1', ./../hw_library/axi_dma_slave.h:43) [60]  (12.6 ns)

 <State 15>: 12.6ns
The critical path consists of the following:
	'mul' operation ('IFM_bound', ./../hw_library/axi_dma_slave.h:44) [61]  (12.6 ns)

 <State 16>: 2.55ns
The critical path consists of the following:
	'phi' operation ('i') with incoming values : ('i', ./../hw_library/axi_dma_slave.h:49) [67]  (0 ns)
	'add' operation ('i', ./../hw_library/axi_dma_slave.h:49) [69]  (2.55 ns)

 <State 17>: 3.63ns
The critical path consists of the following:
	fifo write on port 'out_stream_V_V' (./../hw_library/axi_dma_slave.h:52) [76]  (3.63 ns)


============================================================
+ Verbose Summary: Binding
============================================================
N/A
* FSMD analyzer results:
  - Output states:
 - Input state : 
  - Chain level:
	State 1
	State 2
	State 3
	State 4
	State 5
	State 6
	State 7
	State 8
	State 9
	State 10
	State 11
	State 12
	State 13
	State 14
	State 15
	State 16
	State 17


============================================================
+ Verbose Summary: Datapath Resource usage 
============================================================
N/A
